[
  {
    "ConditionCheck": null,
    "Delete": null,
    "Put": {
      "ConditionExpression": "attribute_not_exists(#SK)",
      "ExpressionAttributeNames": {
        "#SK": "SK"
      },
      "ExpressionAttributeValues": {},
      "Item": {
        "PK": {
          "B": null,
          "BOOL": false,
          "IsBOOLSet": false,
          "BS": [],
          "IsBSSet": false,
          "L": [],
          "IsLSet": false,
          "M": {},
          "IsMSet": false,
          "N": null,
          "NS": [],
          "IsNSSet": false,
          "NULL": false,
          "S": "OUTBOX#SchemaVersionTest#FFC8A2FD-0335-47C8-A29D-9EEA6C8445D8",
          "SS": [],
          "IsSSSet": false
        },
        "SK": {
          "B": null,
          "BOOL": false,
          "IsBOOLSet": false,
          "BS": [],
          "IsBSSet": false,
          "L": [],
          "IsLSet": false,
          "M": {},
          "IsMSet": false,
          "N": null,
          "NS": [],
          "IsNSSet": false,
          "NULL": false,
          "S": "OUTBOX#METADATA#FFC8A2FD-0335-47C8-A29D-9EEA6C8445D8",
          "SS": [],
          "IsSSSet": false
        },
        "OperationsCount": {
          "B": null,
          "BOOL": false,
          "IsBOOLSet": false,
          "BS": [],
          "IsBSSet": false,
          "L": [],
          "IsLSet": false,
          "M": {},
          "IsMSet": false,
          "N": "0",
          "NS": [],
          "IsNSSet": false,
          "NULL": false,
          "S": null,
          "SS": [],
          "IsSSSet": false
        },
        "Dispatched": {
          "B": null,
          "BOOL": false,
          "IsBOOLSet": true,
          "BS": [],
          "IsBSSet": false,
          "L": [],
          "IsLSet": false,
          "M": {},
          "IsMSet": false,
          "N": null,
          "NS": [],
          "IsNSSet": false,
          "NULL": false,
          "S": null,
          "SS": [],
          "IsSSSet": false
        },
        "DispatchedAt": {
          "B": null,
          "BOOL": false,
          "IsBOOLSet": false,
          "BS": [],
          "IsBSSet": false,
          "L": [],
          "IsLSet": false,
          "M": {},
          "IsMSet": false,
          "N": null,
          "NS": [],
          "IsNSSet": false,
          "NULL": true,
          "S": null,
          "SS": [],
          "IsSSSet": false
        },
        "SchemaVersion": {
          "B": null,
          "BOOL": false,
          "IsBOOLSet": false,
          "BS": [],
          "IsBSSet": false,
          "L": [],
          "IsLSet": false,
          "M": {},
          "IsMSet": false,
          "N": null,
          "NS": [],
          "IsNSSet": false,
          "NULL": false,
          "S": "1.0",
          "SS": [],
          "IsSSSet": false
        },
        "ExpiresAt": {
          "B": null,
          "BOOL": false,
          "IsBOOLSet": false,
          "BS": [],
          "IsBSSet": false,
          "L": [],
          "IsLSet": false,
          "M": {},
          "IsMSet": false,
          "N": null,
          "NS": [],
          "IsNSSet": false,
          "NULL": true,
          "S": null,
          "SS": [],
          "IsSSSet": false
        }
      },
      "ReturnValuesOnConditionCheckFailure": null,
      "TableName": "NServiceBus.Storage"
    },
    "Update": null
  }
]