{
  "CorrelationProperty": {
    "B": null,
    "BOOL": false,
    "IsBOOLSet": false,
    "BS": [],
    "L": [],
    "IsLSet": false,
    "M": {},
    "IsMSet": false,
    "N": null,
    "NS": [],
    "NULL": false,
    "S": "CorrelationPropertyValue",
    "SS": []
  },
  "Id": {
    "B": null,
    "BOOL": false,
    "IsBOOLSet": false,
    "BS": [],
    "L": [],
    "IsLSet": false,
    "M": {},
    "IsMSet": false,
    "N": null,
    "NS": [],
    "NULL": false,
    "S": "ffc8a2fd-0335-47c8-a29d-9eea6c8445d8",
    "SS": []
  },
  "Originator": {
    "B": null,
    "BOOL": false,
    "IsBOOLSet": false,
    "BS": [],
    "L": [],
    "IsLSet": false,
    "M": {},
    "IsMSet": false,
    "N": null,
    "NS": [],
    "NULL": false,
    "S": "OriginatorValue",
    "SS": []
  },
  "OriginalMessageId": {
    "B": null,
    "BOOL": false,
    "IsBOOLSet": false,
    "BS": [],
    "L": [],
    "IsLSet": false,
    "M": {},
    "IsMSet": false,
    "N": null,
    "NS": [],
    "NULL": false,
    "S": "OriginalMessageIdValue",
    "SS": []
  },
  "PK": {
    "B": null,
    "BOOL": false,
    "IsBOOLSet": false,
    "BS": [],
    "L": [],
    "IsLSet": false,
    "M": {},
    "IsMSet": false,
    "N": null,
    "NS": [],
    "NULL": false,
    "S": "SAGA#ffc8a2fd-0335-47c8-a29d-9eea6c8445d8",
    "SS": []
  },
  "SK": {
    "B": null,
    "BOOL": false,
    "IsBOOLSet": false,
    "BS": [],
    "L": [],
    "IsLSet": false,
    "M": {},
    "IsMSet": false,
    "N": null,
    "NS": [],
    "NULL": false,
    "S": "SAGA#ffc8a2fd-0335-47c8-a29d-9eea6c8445d8",
    "SS": []
  },
  "NSERVICEBUS_METADATA": {
    "B": null,
    "BOOL": false,
    "IsBOOLSet": false,
    "BS": [],
    "L": [],
    "IsLSet": false,
    "M": {
      "VERSION": {
        "B": null,
        "BOOL": false,
        "IsBOOLSet": false,
        "BS": [],
        "L": [],
        "IsLSet": false,
        "M": {},
        "IsMSet": false,
        "N": "0",
        "NS": [],
        "NULL": false,
        "S": null,
        "SS": []
      },
      "TYPE": {
        "B": null,
        "BOOL": false,
        "IsBOOLSet": false,
        "BS": [],
        "L": [],
        "IsLSet": false,
        "M": {},
        "IsMSet": false,
        "N": null,
        "NS": [],
        "NULL": false,
        "S": "NServiceBus.Persistence.DynamoDB.Tests.SagaSchemaVersionTest\u002BTestSagaData",
        "SS": []
      },
      "SCHEMA_VERSION": {
        "B": null,
        "BOOL": false,
        "IsBOOLSet": false,
        "BS": [],
        "L": [],
        "IsLSet": false,
        "M": {},
        "IsMSet": false,
        "N": null,
        "NS": [],
        "NULL": false,
        "S": "1.0.0",
        "SS": []
      }
    },
    "IsMSet": true,
    "N": null,
    "NS": [],
    "NULL": false,
    "S": null,
    "SS": []
  },
  "LEASE_TIMEOUT": {
    "B": null,
    "BOOL": false,
    "IsBOOLSet": false,
    "BS": [],
    "L": [],
    "IsLSet": false,
    "M": {},
    "IsMSet": false,
    "N": "-1",
    "NS": [],
    "NULL": false,
    "S": null,
    "SS": []
  }
}