{
  "CorrelationProperty": {
    "B": null,
    "BOOL": null,
    "IsBOOLSet": false,
    "BS": null,
    "IsBSSet": false,
    "L": null,
    "IsLSet": false,
    "M": null,
    "IsMSet": false,
    "N": null,
    "NS": null,
    "IsNSSet": false,
    "NULL": null,
    "S": "CorrelationPropertyValue",
    "SS": null,
    "IsSSSet": false
  },
  "Id": {
    "B": null,
    "BOOL": null,
    "IsBOOLSet": false,
    "BS": null,
    "IsBSSet": false,
    "L": null,
    "IsLSet": false,
    "M": null,
    "IsMSet": false,
    "N": null,
    "NS": null,
    "IsNSSet": false,
    "NULL": null,
    "S": "ffc8a2fd-0335-47c8-a29d-9eea6c8445d8",
    "SS": null,
    "IsSSSet": false
  },
  "Originator": {
    "B": null,
    "BOOL": null,
    "IsBOOLSet": false,
    "BS": null,
    "IsBSSet": false,
    "L": null,
    "IsLSet": false,
    "M": null,
    "IsMSet": false,
    "N": null,
    "NS": null,
    "IsNSSet": false,
    "NULL": null,
    "S": "OriginatorValue",
    "SS": null,
    "IsSSSet": false
  },
  "OriginalMessageId": {
    "B": null,
    "BOOL": null,
    "IsBOOLSet": false,
    "BS": null,
    "IsBSSet": false,
    "L": null,
    "IsLSet": false,
    "M": null,
    "IsMSet": false,
    "N": null,
    "NS": null,
    "IsNSSet": false,
    "NULL": null,
    "S": "OriginalMessageIdValue",
    "SS": null,
    "IsSSSet": false
  },
  "PK": {
    "B": null,
    "BOOL": null,
    "IsBOOLSet": false,
    "BS": null,
    "IsBSSet": false,
    "L": null,
    "IsLSet": false,
    "M": null,
    "IsMSet": false,
    "N": null,
    "NS": null,
    "IsNSSet": false,
    "NULL": null,
    "S": "SAGA#SchemaVersionTest#ffc8a2fd-0335-47c8-a29d-9eea6c8445d8",
    "SS": null,
    "IsSSSet": false
  },
  "SK": {
    "B": null,
    "BOOL": null,
    "IsBOOLSet": false,
    "BS": null,
    "IsBSSet": false,
    "L": null,
    "IsLSet": false,
    "M": null,
    "IsMSet": false,
    "N": null,
    "NS": null,
    "IsNSSet": false,
    "NULL": null,
    "S": "SAGA#ffc8a2fd-0335-47c8-a29d-9eea6c8445d8",
    "SS": null,
    "IsSSSet": false
  },
  "NServiceBus_Metadata": {
    "B": null,
    "BOOL": null,
    "IsBOOLSet": false,
    "BS": null,
    "IsBSSet": false,
    "L": null,
    "IsLSet": false,
    "M": {
      "Version": {
        "B": null,
        "BOOL": null,
        "IsBOOLSet": false,
        "BS": null,
        "IsBSSet": false,
        "L": null,
        "IsLSet": false,
        "M": null,
        "IsMSet": false,
        "N": "0",
        "NS": null,
        "IsNSSet": false,
        "NULL": null,
        "S": null,
        "SS": null,
        "IsSSSet": false
      },
      "Type": {
        "B": null,
        "BOOL": null,
        "IsBOOLSet": false,
        "BS": null,
        "IsBSSet": false,
        "L": null,
        "IsLSet": false,
        "M": null,
        "IsMSet": false,
        "N": null,
        "NS": null,
        "IsNSSet": false,
        "NULL": null,
        "S": "NServiceBus.Persistence.DynamoDB.Tests.SagaSchemaVersionTests\u002BTestSagaData",
        "SS": null,
        "IsSSSet": false
      },
      "SchemaVersion": {
        "B": null,
        "BOOL": null,
        "IsBOOLSet": false,
        "BS": null,
        "IsBSSet": false,
        "L": null,
        "IsLSet": false,
        "M": null,
        "IsMSet": false,
        "N": null,
        "NS": null,
        "IsNSSet": false,
        "NULL": null,
        "S": "1.0",
        "SS": null,
        "IsSSSet": false
      }
    },
    "IsMSet": true,
    "N": null,
    "NS": null,
    "IsNSSet": false,
    "NULL": null,
    "S": null,
    "SS": null,
    "IsSSSet": false
  },
  "NServiceBus_LeaseTimeout": {
    "B": null,
    "BOOL": null,
    "IsBOOLSet": false,
    "BS": null,
    "IsBSSet": false,
    "L": null,
    "IsLSet": false,
    "M": null,
    "IsMSet": false,
    "N": "-1",
    "NS": null,
    "IsNSSet": false,
    "NULL": null,
    "S": null,
    "SS": null,
    "IsSSSet": false
  }
}