{
  "SomeId": {
    "B": null,
    "BOOL": false,
    "IsBOOLSet": false,
    "BS": [],
    "L": [],
    "IsLSet": false,
    "M": {},
    "IsMSet": false,
    "N": null,
    "NS": [],
    "NULL": false,
    "S": "e35b9f11-e8ec-497f-a923-9d280b483630",
    "SS": []
  },
  "SomeInt": {
    "B": null,
    "BOOL": false,
    "IsBOOLSet": false,
    "BS": [],
    "L": [],
    "IsLSet": false,
    "M": {},
    "IsMSet": false,
    "N": "42",
    "NS": [],
    "NULL": false,
    "S": null,
    "SS": []
  },
  "IntArray": {
    "B": null,
    "BOOL": false,
    "IsBOOLSet": false,
    "BS": [],
    "L": [
      {
        "B": null,
        "BOOL": false,
        "IsBOOLSet": false,
        "BS": [],
        "L": [],
        "IsLSet": false,
        "M": {},
        "IsMSet": false,
        "N": "42",
        "NS": [],
        "NULL": false,
        "S": null,
        "SS": []
      },
      {
        "B": null,
        "BOOL": false,
        "IsBOOLSet": false,
        "BS": [],
        "L": [],
        "IsLSet": false,
        "M": {},
        "IsMSet": false,
        "N": "43",
        "NS": [],
        "NULL": false,
        "S": null,
        "SS": []
      }
    ],
    "IsLSet": true,
    "M": {},
    "IsMSet": false,
    "N": null,
    "NS": [],
    "NULL": false,
    "S": null,
    "SS": []
  },
  "DateTime": {
    "B": null,
    "BOOL": false,
    "IsBOOLSet": false,
    "BS": [],
    "L": [],
    "IsLSet": false,
    "M": {},
    "IsMSet": false,
    "N": null,
    "NS": [],
    "NULL": false,
    "S": "2023-11-12T01:01:01.001Z",
    "SS": []
  },
  "NestedData": {
    "B": null,
    "BOOL": false,
    "IsBOOLSet": false,
    "BS": [],
    "L": [
      {
        "B": null,
        "BOOL": false,
        "IsBOOLSet": false,
        "BS": [],
        "L": [],
        "IsLSet": false,
        "M": {
          "IntArray": {
            "B": null,
            "BOOL": false,
            "IsBOOLSet": false,
            "BS": [],
            "L": [
              {
                "B": null,
                "BOOL": false,
                "IsBOOLSet": false,
                "BS": [],
                "L": [],
                "IsLSet": false,
                "M": {},
                "IsMSet": false,
                "N": "42",
                "NS": [],
                "NULL": false,
                "S": null,
                "SS": []
              },
              {
                "B": null,
                "BOOL": false,
                "IsBOOLSet": false,
                "BS": [],
                "L": [],
                "IsLSet": false,
                "M": {},
                "IsMSet": false,
                "N": "43",
                "NS": [],
                "NULL": false,
                "S": null,
                "SS": []
              }
            ],
            "IsLSet": true,
            "M": {},
            "IsMSet": false,
            "N": null,
            "NS": [],
            "NULL": false,
            "S": null,
            "SS": []
          }
        },
        "IsMSet": true,
        "N": null,
        "NS": [],
        "NULL": false,
        "S": null,
        "SS": []
      }
    ],
    "IsLSet": true,
    "M": {},
    "IsMSet": false,
    "N": null,
    "NS": [],
    "NULL": false,
    "S": null,
    "SS": []
  },
  "Dictionary": {
    "B": null,
    "BOOL": false,
    "IsBOOLSet": false,
    "BS": [],
    "L": [],
    "IsLSet": false,
    "M": {
      "Foo": {
        "B": null,
        "BOOL": false,
        "IsBOOLSet": false,
        "BS": [],
        "L": [],
        "IsLSet": false,
        "M": {},
        "IsMSet": false,
        "N": null,
        "NS": [],
        "NULL": false,
        "S": "Bar",
        "SS": []
      }
    },
    "IsMSet": true,
    "N": null,
    "NS": [],
    "NULL": false,
    "S": null,
    "SS": []
  },
  "SomeMoreNestedData": {
    "B": null,
    "BOOL": false,
    "IsBOOLSet": false,
    "BS": [],
    "L": [],
    "IsLSet": false,
    "M": {
      "IntArray": {
        "B": null,
        "BOOL": false,
        "IsBOOLSet": false,
        "BS": [],
        "L": [
          {
            "B": null,
            "BOOL": false,
            "IsBOOLSet": false,
            "BS": [],
            "L": [],
            "IsLSet": false,
            "M": {},
            "IsMSet": false,
            "N": "42",
            "NS": [],
            "NULL": false,
            "S": null,
            "SS": []
          },
          {
            "B": null,
            "BOOL": false,
            "IsBOOLSet": false,
            "BS": [],
            "L": [],
            "IsLSet": false,
            "M": {},
            "IsMSet": false,
            "N": "43",
            "NS": [],
            "NULL": false,
            "S": null,
            "SS": []
          }
        ],
        "IsLSet": true,
        "M": {},
        "IsMSet": false,
        "N": null,
        "NS": [],
        "NULL": false,
        "S": null,
        "SS": []
      }
    },
    "IsMSet": true,
    "N": null,
    "NS": [],
    "NULL": false,
    "S": null,
    "SS": []
  },
  "Id": {
    "B": null,
    "BOOL": false,
    "IsBOOLSet": false,
    "BS": [],
    "L": [],
    "IsLSet": false,
    "M": {},
    "IsMSet": false,
    "N": null,
    "NS": [],
    "NULL": false,
    "S": "9a2944fb-f0f3-432f-80b0-d2c6f42c76b0",
    "SS": []
  },
  "Originator": {
    "B": null,
    "BOOL": false,
    "IsBOOLSet": false,
    "BS": [],
    "L": [],
    "IsLSet": false,
    "M": {},
    "IsMSet": false,
    "N": null,
    "NS": [],
    "NULL": false,
    "S": "Originator",
    "SS": []
  },
  "OriginalMessageId": {
    "B": null,
    "BOOL": false,
    "IsBOOLSet": false,
    "BS": [],
    "L": [],
    "IsLSet": false,
    "M": {},
    "IsMSet": false,
    "N": null,
    "NS": [],
    "NULL": false,
    "S": "746AB276-9B28-49C9-BF92-AF749FBE2ADE",
    "SS": []
  }
}