{
  "IsDebugEnabled": false,
  "IsInfoEnabled": false,
  "IsWarnEnabled": false,
  "IsErrorEnabled": false,
  "IsFatalEnabled": false,
  "DebugMessages": [],
  "InfoMessages": [],
  "WarnMessages": [],
  "ErrorMessages": []
}