{
  "IsDebugEnabled": true,
  "IsInfoEnabled": false,
  "IsWarnEnabled": false,
  "IsErrorEnabled": false,
  "IsFatalEnabled": false,
  "DebugMessages": [
    "Writing batch '1/4' with entries '' to table 'faketable'",
    "Wrote batch '1/4' with entries '' to table 'faketable'",
    "Writing batch '2/4' with entries 'DELETE #PK PK1 / #SK SK1' to table 'faketable'",
    "Wrote batch '2/4' with entries 'DELETE #PK PK1 / #SK SK1' to table 'faketable'",
    "(1 / 5) Retrying entries 'DELETE #PK PK1 / #SK SK1' that failed in batch '2/4' to table 'faketable' with a delay of '00:00:00.2000000'.",
    "Writing batch '2/4' with entries 'DELETE #PK PK1 / #SK SK1' to table 'faketable'",
    "Wrote batch '2/4' with entries 'DELETE #PK PK1 / #SK SK1' to table 'faketable'",
    "Writing batch '3/4' with entries '' to table 'faketable'",
    "Wrote batch '3/4' with entries '' to table 'faketable'",
    "Writing batch '4/4' with entries 'DELETE #PK PK2 / #SK SK2' to table 'faketable'",
    "Wrote batch '4/4' with entries 'DELETE #PK PK2 / #SK SK2' to table 'faketable'",
    "(1 / 5) Retrying entries 'DELETE #PK PK2 / #SK SK2' that failed in batch '4/4' to table 'faketable' with a delay of '00:00:00.2000000'.",
    "Writing batch '4/4' with entries 'DELETE #PK PK2 / #SK SK2' to table 'faketable'",
    "Wrote batch '4/4' with entries 'DELETE #PK PK2 / #SK SK2' to table 'faketable'"
  ],
  "InfoMessages": [],
  "WarnMessages": [],
  "ErrorMessages": []
}