{
  "IsDebugEnabled": false,
  "IsInfoEnabled": false,
  "IsWarnEnabled": false,
  "IsErrorEnabled": false,
  "IsFatalEnabled": false,
  "DebugMessages": [],
  "InfoMessages": [],
  "WarnMessages": [],
  "ErrorMessages": [
    "Error while writing batch '1/2', with entries 'DELETE #PK:PK / #SK:SK, PUT #PK:PK / #SK:SK' to table 'faketable'",
    "Error while writing batch '2/2', with entries 'PUT #PK:PK / #SK:SK, DELETE #PK:PK / #SK:SK, PUT #PK:PK / #SK:SK' to table 'faketable'"
  ]
}